[2026-07-26T21:06:09.154] [INFO] RoadSenseSelenium - Executing WEB-AI-001
[2026-07-26T21:06:09.169] [INFO] RoadSenseSelenium - Executing WEB-AI-002
[2026-07-26T21:06:09.171] [INFO] RoadSenseSelenium - Executing WEB-AI-003
[2026-07-26T21:06:09.172] [INFO] RoadSenseSelenium - Executing WEB-AI-004
[2026-07-26T21:06:09.173] [INFO] RoadSenseSelenium - Executing WEB-AI-005
[2026-07-26T21:06:09.174] [INFO] RoadSenseSelenium - Executing WEB-AI-006
[2026-07-26T21:06:09.175] [INFO] RoadSenseSelenium - Executing WEB-AI-007
[2026-07-26T21:06:09.175] [INFO] RoadSenseSelenium - Executing WEB-AI-008
[2026-07-26T21:06:09.177] [INFO] RoadSenseSelenium - Executing WEB-AI-009
[2026-07-26T21:06:09.179] [INFO] RoadSenseSelenium - Executing WEB-AI-010
[2026-07-26T21:06:09.179] [INFO] RoadSenseSelenium - Executing WEB-AI-011
[2026-07-26T21:06:09.180] [INFO] RoadSenseSelenium - Executing WEB-AI-012
[2026-07-26T21:06:09.181] [INFO] RoadSenseSelenium - Executing WEB-AI-013
[2026-07-26T21:06:09.181] [INFO] RoadSenseSelenium - Executing WEB-AI-014
[2026-07-26T21:06:09.181] [INFO] RoadSenseSelenium - Executing WEB-AI-015
[2026-07-26T21:06:09.182] [INFO] RoadSenseSelenium - Executing WEB-AI-016
[2026-07-26T21:06:09.182] [INFO] RoadSenseSelenium - Executing WEB-AI-017
[2026-07-26T21:06:09.183] [INFO] RoadSenseSelenium - Executing WEB-AI-018
[2026-07-26T21:06:09.184] [INFO] RoadSenseSelenium - Executing WEB-AI-019
[2026-07-26T21:06:09.184] [INFO] RoadSenseSelenium - Executing WEB-AI-020
[2026-07-26T21:06:09.184] [INFO] RoadSenseSelenium - Executing WEB-AI-021
[2026-07-26T21:06:09.185] [INFO] RoadSenseSelenium - Executing WEB-AI-022
[2026-07-26T21:06:09.186] [INFO] RoadSenseSelenium - Executing WEB-AI-023
[2026-07-26T21:06:09.187] [INFO] RoadSenseSelenium - Executing WEB-AI-024
[2026-07-26T21:06:09.188] [INFO] RoadSenseSelenium - Executing WEB-AI-025
[2026-07-26T21:06:09.189] [INFO] RoadSenseSelenium - Initializing Selenium WebDriver for browser: chrome (Headless: false)
[2026-07-26T21:06:15.104] [INFO] RoadSenseSelenium - Selenium WebDriver created successfully.
[2026-07-26T21:06:15.105] [INFO] RoadSenseSelenium - Executing WEB-AUTH-001
[2026-07-26T21:06:15.106] [INFO] RoadSenseSelenium - Executing WEB-AUTH-002
[2026-07-26T21:06:15.106] [INFO] RoadSenseSelenium - Executing WEB-AUTH-003
[2026-07-26T21:06:15.107] [INFO] RoadSenseSelenium - Executing WEB-AUTH-004
[2026-07-26T21:06:15.107] [INFO] RoadSenseSelenium - Executing WEB-AUTH-005
[2026-07-26T21:06:15.108] [INFO] RoadSenseSelenium - Executing WEB-AUTH-006
[2026-07-26T21:06:15.108] [INFO] RoadSenseSelenium - Executing WEB-AUTH-007
[2026-07-26T21:06:15.109] [INFO] RoadSenseSelenium - Executing WEB-AUTH-008
[2026-07-26T21:06:15.109] [INFO] RoadSenseSelenium - Executing WEB-AUTH-009
[2026-07-26T21:06:15.109] [INFO] RoadSenseSelenium - Executing WEB-AUTH-010
[2026-07-26T21:06:15.109] [INFO] RoadSenseSelenium - Executing WEB-AUTH-011
[2026-07-26T21:06:15.110] [INFO] RoadSenseSelenium - Executing WEB-AUTH-012
[2026-07-26T21:06:15.110] [INFO] RoadSenseSelenium - Executing WEB-AUTH-013
[2026-07-26T21:06:15.110] [INFO] RoadSenseSelenium - Executing WEB-AUTH-014
[2026-07-26T21:06:15.110] [INFO] RoadSenseSelenium - Executing WEB-AUTH-015
[2026-07-26T21:06:15.111] [INFO] RoadSenseSelenium - Executing WEB-AUTH-016
[2026-07-26T21:06:15.111] [INFO] RoadSenseSelenium - Executing WEB-AUTH-017
[2026-07-26T21:06:15.111] [INFO] RoadSenseSelenium - Executing WEB-AUTH-018
[2026-07-26T21:06:15.112] [INFO] RoadSenseSelenium - Executing WEB-AUTH-019
[2026-07-26T21:06:15.112] [INFO] RoadSenseSelenium - Executing WEB-AUTH-020
[2026-07-26T21:06:15.112] [INFO] RoadSenseSelenium - Executing WEB-AUTH-021
[2026-07-26T21:06:15.112] [INFO] RoadSenseSelenium - Executing WEB-AUTH-022
[2026-07-26T21:06:15.113] [INFO] RoadSenseSelenium - Executing WEB-AUTH-023
[2026-07-26T21:06:15.113] [INFO] RoadSenseSelenium - Executing WEB-AUTH-024
[2026-07-26T21:06:15.113] [INFO] RoadSenseSelenium - Executing WEB-AUTH-025
[2026-07-26T21:06:15.170] [INFO] RoadSenseSelenium - Executing WEB-DASH-001
[2026-07-26T21:06:15.171] [INFO] RoadSenseSelenium - Executing WEB-DASH-002
[2026-07-26T21:06:15.171] [INFO] RoadSenseSelenium - Executing WEB-DASH-003
[2026-07-26T21:06:15.172] [INFO] RoadSenseSelenium - Executing WEB-DASH-004
[2026-07-26T21:06:15.172] [INFO] RoadSenseSelenium - Executing WEB-DASH-005
[2026-07-26T21:06:15.173] [INFO] RoadSenseSelenium - Executing WEB-DASH-006
[2026-07-26T21:06:15.174] [INFO] RoadSenseSelenium - Executing WEB-DASH-007
[2026-07-26T21:06:15.174] [INFO] RoadSenseSelenium - Executing WEB-DASH-008
[2026-07-26T21:06:15.175] [INFO] RoadSenseSelenium - Executing WEB-DASH-009
[2026-07-26T21:06:15.175] [INFO] RoadSenseSelenium - Executing WEB-DASH-010
[2026-07-26T21:06:15.176] [INFO] RoadSenseSelenium - Executing WEB-DASH-011
[2026-07-26T21:06:15.176] [INFO] RoadSenseSelenium - Executing WEB-DASH-012
[2026-07-26T21:06:15.177] [INFO] RoadSenseSelenium - Executing WEB-DASH-013
[2026-07-26T21:06:15.177] [INFO] RoadSenseSelenium - Executing WEB-DASH-014
[2026-07-26T21:06:15.178] [INFO] RoadSenseSelenium - Executing WEB-DASH-015
[2026-07-26T21:06:15.178] [INFO] RoadSenseSelenium - Executing WEB-DASH-016
[2026-07-26T21:06:15.179] [INFO] RoadSenseSelenium - Executing WEB-DASH-017
[2026-07-26T21:06:15.179] [INFO] RoadSenseSelenium - Executing WEB-DASH-018
[2026-07-26T21:06:15.180] [INFO] RoadSenseSelenium - Executing WEB-DASH-019
[2026-07-26T21:06:15.180] [INFO] RoadSenseSelenium - Executing WEB-DASH-020
[2026-07-26T21:06:15.180] [INFO] RoadSenseSelenium - Executing WEB-DASH-021
[2026-07-26T21:06:15.181] [INFO] RoadSenseSelenium - Executing WEB-DASH-022
[2026-07-26T21:06:15.181] [INFO] RoadSenseSelenium - Executing WEB-DASH-023
[2026-07-26T21:06:15.181] [INFO] RoadSenseSelenium - Executing WEB-DASH-024
[2026-07-26T21:06:15.181] [INFO] RoadSenseSelenium - Executing WEB-DASH-025
[2026-07-26T21:06:15.182] [INFO] RoadSenseSelenium - Executing WEB-PROF-001
[2026-07-26T21:06:15.182] [INFO] RoadSenseSelenium - Executing WEB-PROF-002
[2026-07-26T21:06:15.182] [INFO] RoadSenseSelenium - Executing WEB-PROF-003
[2026-07-26T21:06:15.183] [INFO] RoadSenseSelenium - Executing WEB-PROF-004
[2026-07-26T21:06:15.183] [INFO] RoadSenseSelenium - Executing WEB-PROF-005
[2026-07-26T21:06:15.183] [INFO] RoadSenseSelenium - Executing WEB-PROF-006
[2026-07-26T21:06:15.184] [INFO] RoadSenseSelenium - Executing WEB-PROF-007
[2026-07-26T21:06:15.184] [INFO] RoadSenseSelenium - Executing WEB-PROF-008
[2026-07-26T21:06:15.187] [INFO] RoadSenseSelenium - Executing WEB-PROF-009
[2026-07-26T21:06:15.187] [INFO] RoadSenseSelenium - Executing WEB-PROF-010
[2026-07-26T21:06:15.188] [INFO] RoadSenseSelenium - Executing WEB-PROF-011
[2026-07-26T21:06:15.188] [INFO] RoadSenseSelenium - Executing WEB-PROF-012
[2026-07-26T21:06:15.188] [INFO] RoadSenseSelenium - Executing WEB-PROF-013
[2026-07-26T21:06:15.189] [INFO] RoadSenseSelenium - Executing WEB-PROF-014
[2026-07-26T21:06:15.189] [INFO] RoadSenseSelenium - Executing WEB-PROF-015
[2026-07-26T21:06:15.189] [INFO] RoadSenseSelenium - Executing WEB-PROF-016
[2026-07-26T21:06:15.189] [INFO] RoadSenseSelenium - Executing WEB-PROF-017
[2026-07-26T21:06:15.190] [INFO] RoadSenseSelenium - Executing WEB-PROF-018
[2026-07-26T21:06:15.190] [INFO] RoadSenseSelenium - Executing WEB-PROF-019
[2026-07-26T21:06:15.191] [INFO] RoadSenseSelenium - Executing WEB-PROF-020
[2026-07-26T21:06:15.191] [INFO] RoadSenseSelenium - Executing WEB-PROF-021
[2026-07-26T21:06:15.191] [INFO] RoadSenseSelenium - Executing WEB-PROF-022
[2026-07-26T21:06:15.192] [INFO] RoadSenseSelenium - Executing WEB-PROF-023
[2026-07-26T21:06:15.192] [INFO] RoadSenseSelenium - Executing WEB-PROF-024
[2026-07-26T21:06:15.192] [INFO] RoadSenseSelenium - Executing WEB-PROF-025
[2026-07-26T21:06:15.193] [INFO] RoadSenseSelenium - Executing WEB-NAV-001
[2026-07-26T21:06:15.193] [INFO] RoadSenseSelenium - Executing WEB-NAV-002
[2026-07-26T21:06:15.194] [INFO] RoadSenseSelenium - Executing WEB-NAV-003
[2026-07-26T21:06:15.194] [INFO] RoadSenseSelenium - Executing WEB-NAV-004
[2026-07-26T21:06:15.194] [INFO] RoadSenseSelenium - Executing WEB-NAV-005
[2026-07-26T21:06:15.195] [INFO] RoadSenseSelenium - Executing WEB-NAV-006
[2026-07-26T21:06:15.195] [INFO] RoadSenseSelenium - Executing WEB-NAV-007
[2026-07-26T21:06:15.195] [INFO] RoadSenseSelenium - Executing WEB-NAV-008
[2026-07-26T21:06:15.195] [INFO] RoadSenseSelenium - Executing WEB-NAV-009
[2026-07-26T21:06:15.196] [INFO] RoadSenseSelenium - Executing WEB-NAV-010
[2026-07-26T21:06:15.196] [INFO] RoadSenseSelenium - Executing WEB-NAV-011
[2026-07-26T21:06:15.196] [INFO] RoadSenseSelenium - Executing WEB-NAV-012
[2026-07-26T21:06:15.197] [INFO] RoadSenseSelenium - Executing WEB-NAV-013
[2026-07-26T21:06:15.197] [INFO] RoadSenseSelenium - Executing WEB-NAV-014
[2026-07-26T21:06:15.197] [INFO] RoadSenseSelenium - Executing WEB-NAV-015
[2026-07-26T21:06:15.198] [INFO] RoadSenseSelenium - Executing WEB-NAV-016
[2026-07-26T21:06:15.198] [INFO] RoadSenseSelenium - Executing WEB-NAV-017
[2026-07-26T21:06:15.198] [INFO] RoadSenseSelenium - Executing WEB-NAV-018
[2026-07-26T21:06:15.199] [INFO] RoadSenseSelenium - Executing WEB-NAV-019
[2026-07-26T21:06:15.199] [INFO] RoadSenseSelenium - Executing WEB-NAV-020
[2026-07-26T21:06:15.200] [INFO] RoadSenseSelenium - Executing WEB-NAV-021
[2026-07-26T21:06:15.200] [INFO] RoadSenseSelenium - Executing WEB-NAV-022
[2026-07-26T21:06:15.201] [INFO] RoadSenseSelenium - Executing WEB-NAV-023
[2026-07-26T21:06:15.201] [INFO] RoadSenseSelenium - Executing WEB-NAV-024
[2026-07-26T21:06:15.201] [INFO] RoadSenseSelenium - Executing WEB-NAV-025
[2026-07-26T21:06:15.202] [INFO] RoadSenseSelenium - Executing WEB-SEC-001
[2026-07-26T21:06:15.202] [INFO] RoadSenseSelenium - Executing WEB-SEC-002
[2026-07-26T21:06:15.202] [INFO] RoadSenseSelenium - Executing WEB-SEC-003
[2026-07-26T21:06:15.203] [INFO] RoadSenseSelenium - Executing WEB-SEC-004
[2026-07-26T21:06:15.203] [INFO] RoadSenseSelenium - Executing WEB-SEC-005
[2026-07-26T21:06:15.203] [INFO] RoadSenseSelenium - Executing WEB-SEC-006
[2026-07-26T21:06:15.204] [INFO] RoadSenseSelenium - Executing WEB-SEC-007
[2026-07-26T21:06:15.204] [INFO] RoadSenseSelenium - Executing WEB-SEC-008
[2026-07-26T21:06:15.204] [INFO] RoadSenseSelenium - Executing WEB-SEC-009
[2026-07-26T21:06:15.204] [INFO] RoadSenseSelenium - Executing WEB-SEC-010
[2026-07-26T21:06:15.205] [INFO] RoadSenseSelenium - Executing WEB-SEC-011
[2026-07-26T21:06:15.205] [INFO] RoadSenseSelenium - Executing WEB-SEC-012
[2026-07-26T21:06:15.206] [INFO] RoadSenseSelenium - Executing WEB-SEC-013
[2026-07-26T21:06:15.206] [INFO] RoadSenseSelenium - Executing WEB-SEC-014
[2026-07-26T21:06:15.207] [INFO] RoadSenseSelenium - Executing WEB-SEC-015
[2026-07-26T21:06:15.207] [INFO] RoadSenseSelenium - Executing WEB-SEC-016
[2026-07-26T21:06:15.207] [INFO] RoadSenseSelenium - Executing WEB-SEC-017
[2026-07-26T21:06:15.208] [INFO] RoadSenseSelenium - Executing WEB-SEC-018
[2026-07-26T21:06:15.208] [INFO] RoadSenseSelenium - Executing WEB-SEC-019
[2026-07-26T21:06:15.209] [INFO] RoadSenseSelenium - Executing WEB-SEC-020
[2026-07-26T21:06:15.209] [INFO] RoadSenseSelenium - Executing WEB-SEC-021
[2026-07-26T21:06:15.210] [INFO] RoadSenseSelenium - Executing WEB-SEC-022
[2026-07-26T21:06:15.210] [INFO] RoadSenseSelenium - Executing WEB-SEC-023
[2026-07-26T21:06:15.210] [INFO] RoadSenseSelenium - Executing WEB-SEC-024
[2026-07-26T21:06:15.210] [INFO] RoadSenseSelenium - Executing WEB-SEC-025
[2026-07-26T21:06:15.211] [INFO] RoadSenseSelenium - Executing WEB-PERF-001
[2026-07-26T21:06:15.211] [INFO] RoadSenseSelenium - Executing WEB-PERF-002
[2026-07-26T21:06:15.211] [INFO] RoadSenseSelenium - Executing WEB-PERF-003
[2026-07-26T21:06:15.212] [INFO] RoadSenseSelenium - Executing WEB-PERF-004
[2026-07-26T21:06:15.212] [INFO] RoadSenseSelenium - Executing WEB-PERF-005
[2026-07-26T21:06:15.212] [INFO] RoadSenseSelenium - Executing WEB-PERF-006
[2026-07-26T21:06:15.213] [INFO] RoadSenseSelenium - Executing WEB-PERF-007
[2026-07-26T21:06:15.213] [INFO] RoadSenseSelenium - Executing WEB-PERF-008
[2026-07-26T21:06:15.213] [INFO] RoadSenseSelenium - Executing WEB-PERF-009
[2026-07-26T21:06:15.214] [INFO] RoadSenseSelenium - Executing WEB-PERF-010
[2026-07-26T21:06:15.214] [INFO] RoadSenseSelenium - Executing WEB-PERF-011
[2026-07-26T21:06:15.214] [INFO] RoadSenseSelenium - Executing WEB-PERF-012
[2026-07-26T21:06:15.215] [INFO] RoadSenseSelenium - Executing WEB-PERF-013
[2026-07-26T21:06:15.215] [INFO] RoadSenseSelenium - Executing WEB-PERF-014
[2026-07-26T21:06:15.216] [INFO] RoadSenseSelenium - Executing WEB-PERF-015
[2026-07-26T21:06:15.216] [INFO] RoadSenseSelenium - Executing WEB-PERF-016
[2026-07-26T21:06:15.217] [INFO] RoadSenseSelenium - Executing WEB-PERF-017
[2026-07-26T21:06:15.217] [INFO] RoadSenseSelenium - Executing WEB-PERF-018
[2026-07-26T21:06:15.218] [INFO] RoadSenseSelenium - Executing WEB-PERF-019
[2026-07-26T21:06:15.218] [INFO] RoadSenseSelenium - Executing WEB-PERF-020
[2026-07-26T21:06:15.219] [INFO] RoadSenseSelenium - Executing WEB-PERF-021
[2026-07-26T21:06:15.219] [INFO] RoadSenseSelenium - Executing WEB-PERF-022
[2026-07-26T21:06:15.220] [INFO] RoadSenseSelenium - Executing WEB-PERF-023
[2026-07-26T21:06:15.220] [INFO] RoadSenseSelenium - Executing WEB-PERF-024
[2026-07-26T21:06:15.221] [INFO] RoadSenseSelenium - Executing WEB-PERF-025
[2026-07-27T21:37:52.700] [INFO] RoadSenseSelenium - Executing WEB-AI-001
[2026-07-27T21:37:52.710] [INFO] RoadSenseSelenium - Executing WEB-AI-002
[2026-07-27T21:37:52.715] [INFO] RoadSenseSelenium - Executing WEB-AI-003
[2026-07-27T21:37:52.717] [INFO] RoadSenseSelenium - Executing WEB-AI-004
[2026-07-27T21:37:52.719] [INFO] RoadSenseSelenium - Executing WEB-AI-005
[2026-07-27T21:37:52.720] [INFO] RoadSenseSelenium - Executing WEB-AI-006
[2026-07-27T21:37:52.721] [INFO] RoadSenseSelenium - Executing WEB-AI-007
[2026-07-27T21:37:52.721] [INFO] RoadSenseSelenium - Executing WEB-AI-008
[2026-07-27T21:37:52.722] [INFO] RoadSenseSelenium - Executing WEB-AI-009
[2026-07-27T21:37:52.724] [INFO] RoadSenseSelenium - Executing WEB-AI-010
[2026-07-27T21:37:52.724] [INFO] RoadSenseSelenium - Executing WEB-AI-011
[2026-07-27T21:37:52.725] [INFO] RoadSenseSelenium - Executing WEB-AI-012
[2026-07-27T21:37:52.726] [INFO] RoadSenseSelenium - Executing WEB-AI-013
[2026-07-27T21:37:52.727] [INFO] RoadSenseSelenium - Executing WEB-AI-014
[2026-07-27T21:37:52.728] [INFO] RoadSenseSelenium - Executing WEB-AI-015
[2026-07-27T21:37:52.730] [INFO] RoadSenseSelenium - Executing WEB-AI-016
[2026-07-27T21:37:52.731] [INFO] RoadSenseSelenium - Executing WEB-AI-017
[2026-07-27T21:37:52.732] [INFO] RoadSenseSelenium - Executing WEB-AI-018
[2026-07-27T21:37:52.733] [INFO] RoadSenseSelenium - Executing WEB-AI-019
[2026-07-27T21:37:52.733] [INFO] RoadSenseSelenium - Executing WEB-AI-020
[2026-07-27T21:37:52.734] [INFO] RoadSenseSelenium - Executing WEB-AI-021
[2026-07-27T21:37:52.735] [INFO] RoadSenseSelenium - Executing WEB-AI-022
[2026-07-27T21:37:52.735] [INFO] RoadSenseSelenium - Executing WEB-AI-023
[2026-07-27T21:37:52.736] [INFO] RoadSenseSelenium - Executing WEB-AI-024
[2026-07-27T21:37:52.737] [INFO] RoadSenseSelenium - Executing WEB-AI-025
[2026-07-27T21:37:52.739] [INFO] RoadSenseSelenium - Initializing Selenium WebDriver for browser: chrome (Headless: false)
[2026-07-27T21:37:54.626] [INFO] RoadSenseSelenium - Selenium WebDriver created successfully.
[2026-07-27T21:37:54.628] [INFO] RoadSenseSelenium - Executing WEB-AUTH-001
[2026-07-27T21:37:54.629] [INFO] RoadSenseSelenium - Executing WEB-AUTH-002
[2026-07-27T21:37:54.630] [INFO] RoadSenseSelenium - Executing WEB-AUTH-003
[2026-07-27T21:37:54.631] [INFO] RoadSenseSelenium - Executing WEB-AUTH-004
[2026-07-27T21:37:54.631] [INFO] RoadSenseSelenium - Executing WEB-AUTH-005
[2026-07-27T21:37:54.633] [INFO] RoadSenseSelenium - Executing WEB-AUTH-006
[2026-07-27T21:37:54.636] [INFO] RoadSenseSelenium - Executing WEB-AUTH-007
[2026-07-27T21:37:54.639] [INFO] RoadSenseSelenium - Executing WEB-AUTH-008
[2026-07-27T21:37:54.640] [INFO] RoadSenseSelenium - Executing WEB-AUTH-009
[2026-07-27T21:37:54.642] [INFO] RoadSenseSelenium - Executing WEB-AUTH-010
[2026-07-27T21:37:54.643] [INFO] RoadSenseSelenium - Executing WEB-AUTH-011
[2026-07-27T21:37:54.647] [INFO] RoadSenseSelenium - Executing WEB-AUTH-012
[2026-07-27T21:37:54.648] [INFO] RoadSenseSelenium - Executing WEB-AUTH-013
[2026-07-27T21:37:54.649] [INFO] RoadSenseSelenium - Executing WEB-AUTH-014
[2026-07-27T21:37:54.650] [INFO] RoadSenseSelenium - Executing WEB-AUTH-015
[2026-07-27T21:37:54.651] [INFO] RoadSenseSelenium - Executing WEB-AUTH-016
[2026-07-27T21:37:54.652] [INFO] RoadSenseSelenium - Executing WEB-AUTH-017
[2026-07-27T21:37:54.653] [INFO] RoadSenseSelenium - Executing WEB-AUTH-018
[2026-07-27T21:37:54.654] [INFO] RoadSenseSelenium - Executing WEB-AUTH-019
[2026-07-27T21:37:54.654] [INFO] RoadSenseSelenium - Executing WEB-AUTH-020
[2026-07-27T21:37:54.655] [INFO] RoadSenseSelenium - Executing WEB-AUTH-021
[2026-07-27T21:37:54.656] [INFO] RoadSenseSelenium - Executing WEB-AUTH-022
[2026-07-27T21:37:54.657] [INFO] RoadSenseSelenium - Executing WEB-AUTH-023
[2026-07-27T21:37:54.658] [INFO] RoadSenseSelenium - Executing WEB-AUTH-024
[2026-07-27T21:37:54.658] [INFO] RoadSenseSelenium - Executing WEB-AUTH-025
[2026-07-27T21:37:54.728] [INFO] RoadSenseSelenium - Executing WEB-DASH-001
[2026-07-27T21:37:54.729] [INFO] RoadSenseSelenium - Executing WEB-DASH-002
[2026-07-27T21:37:54.732] [INFO] RoadSenseSelenium - Executing WEB-DASH-003
[2026-07-27T21:37:54.733] [INFO] RoadSenseSelenium - Executing WEB-DASH-004
[2026-07-27T21:37:54.734] [INFO] RoadSenseSelenium - Executing WEB-DASH-005
[2026-07-27T21:37:54.736] [INFO] RoadSenseSelenium - Executing WEB-DASH-006
[2026-07-27T21:37:54.737] [INFO] RoadSenseSelenium - Executing WEB-DASH-007
[2026-07-27T21:37:54.738] [INFO] RoadSenseSelenium - Executing WEB-DASH-008
[2026-07-27T21:37:54.739] [INFO] RoadSenseSelenium - Executing WEB-DASH-009
[2026-07-27T21:37:54.742] [INFO] RoadSenseSelenium - Executing WEB-DASH-010
[2026-07-27T21:37:54.744] [INFO] RoadSenseSelenium - Executing WEB-DASH-011
[2026-07-27T21:37:54.745] [INFO] RoadSenseSelenium - Executing WEB-DASH-012
[2026-07-27T21:37:54.746] [INFO] RoadSenseSelenium - Executing WEB-DASH-013
[2026-07-27T21:37:54.748] [INFO] RoadSenseSelenium - Executing WEB-DASH-014
[2026-07-27T21:37:54.749] [INFO] RoadSenseSelenium - Executing WEB-DASH-015
[2026-07-27T21:37:54.750] [INFO] RoadSenseSelenium - Executing WEB-DASH-016
[2026-07-27T21:37:54.751] [INFO] RoadSenseSelenium - Executing WEB-DASH-017
[2026-07-27T21:37:54.752] [INFO] RoadSenseSelenium - Executing WEB-DASH-018
[2026-07-27T21:37:54.752] [INFO] RoadSenseSelenium - Executing WEB-DASH-019
[2026-07-27T21:37:54.753] [INFO] RoadSenseSelenium - Executing WEB-DASH-020
[2026-07-27T21:37:54.754] [INFO] RoadSenseSelenium - Executing WEB-DASH-021
[2026-07-27T21:37:54.755] [INFO] RoadSenseSelenium - Executing WEB-DASH-022
[2026-07-27T21:37:54.756] [INFO] RoadSenseSelenium - Executing WEB-DASH-023
[2026-07-27T21:37:54.756] [INFO] RoadSenseSelenium - Executing WEB-DASH-024
[2026-07-27T21:37:54.758] [INFO] RoadSenseSelenium - Executing WEB-DASH-025
[2026-07-27T21:37:54.759] [INFO] RoadSenseSelenium - Executing WEB-PROF-001
[2026-07-27T21:37:54.760] [INFO] RoadSenseSelenium - Executing WEB-PROF-002
[2026-07-27T21:37:54.761] [INFO] RoadSenseSelenium - Executing WEB-PROF-003
[2026-07-27T21:37:54.762] [INFO] RoadSenseSelenium - Executing WEB-PROF-004
[2026-07-27T21:37:54.764] [INFO] RoadSenseSelenium - Executing WEB-PROF-005
[2026-07-27T21:37:54.766] [INFO] RoadSenseSelenium - Executing WEB-PROF-006
[2026-07-27T21:37:54.771] [INFO] RoadSenseSelenium - Executing WEB-PROF-007
[2026-07-27T21:37:54.772] [INFO] RoadSenseSelenium - Executing WEB-PROF-008
[2026-07-27T21:37:54.773] [INFO] RoadSenseSelenium - Executing WEB-PROF-009
[2026-07-27T21:37:54.775] [INFO] RoadSenseSelenium - Executing WEB-PROF-010
[2026-07-27T21:37:54.779] [INFO] RoadSenseSelenium - Executing WEB-PROF-011
[2026-07-27T21:37:54.781] [INFO] RoadSenseSelenium - Executing WEB-PROF-012
[2026-07-27T21:37:54.782] [INFO] RoadSenseSelenium - Executing WEB-PROF-013
[2026-07-27T21:37:54.785] [INFO] RoadSenseSelenium - Executing WEB-PROF-014
[2026-07-27T21:37:54.786] [INFO] RoadSenseSelenium - Executing WEB-PROF-015
[2026-07-27T21:37:54.787] [INFO] RoadSenseSelenium - Executing WEB-PROF-016
[2026-07-27T21:37:54.788] [INFO] RoadSenseSelenium - Executing WEB-PROF-017
[2026-07-27T21:37:54.789] [INFO] RoadSenseSelenium - Executing WEB-PROF-018
[2026-07-27T21:37:54.790] [INFO] RoadSenseSelenium - Executing WEB-PROF-019
[2026-07-27T21:37:54.791] [INFO] RoadSenseSelenium - Executing WEB-PROF-020
[2026-07-27T21:37:54.792] [INFO] RoadSenseSelenium - Executing WEB-PROF-021
[2026-07-27T21:37:54.793] [INFO] RoadSenseSelenium - Executing WEB-PROF-022
[2026-07-27T21:37:54.793] [INFO] RoadSenseSelenium - Executing WEB-PROF-023
[2026-07-27T21:37:54.795] [INFO] RoadSenseSelenium - Executing WEB-PROF-024
[2026-07-27T21:37:54.796] [INFO] RoadSenseSelenium - Executing WEB-PROF-025
[2026-07-27T21:37:54.797] [INFO] RoadSenseSelenium - Executing WEB-NAV-001
[2026-07-27T21:37:54.798] [INFO] RoadSenseSelenium - Executing WEB-NAV-002
[2026-07-27T21:37:54.799] [INFO] RoadSenseSelenium - Executing WEB-NAV-003
[2026-07-27T21:37:54.800] [INFO] RoadSenseSelenium - Executing WEB-NAV-004
[2026-07-27T21:37:54.801] [INFO] RoadSenseSelenium - Executing WEB-NAV-005
[2026-07-27T21:37:54.802] [INFO] RoadSenseSelenium - Executing WEB-NAV-006
[2026-07-27T21:37:54.803] [INFO] RoadSenseSelenium - Executing WEB-NAV-007
[2026-07-27T21:37:54.804] [INFO] RoadSenseSelenium - Executing WEB-NAV-008
[2026-07-27T21:37:54.805] [INFO] RoadSenseSelenium - Executing WEB-NAV-009
[2026-07-27T21:37:54.806] [INFO] RoadSenseSelenium - Executing WEB-NAV-010
[2026-07-27T21:37:54.806] [INFO] RoadSenseSelenium - Executing WEB-NAV-011
[2026-07-27T21:37:54.807] [INFO] RoadSenseSelenium - Executing WEB-NAV-012
[2026-07-27T21:37:54.808] [INFO] RoadSenseSelenium - Executing WEB-NAV-013
[2026-07-27T21:37:54.809] [INFO] RoadSenseSelenium - Executing WEB-NAV-014
[2026-07-27T21:37:54.810] [INFO] RoadSenseSelenium - Executing WEB-NAV-015
[2026-07-27T21:37:54.810] [INFO] RoadSenseSelenium - Executing WEB-NAV-016
[2026-07-27T21:37:54.811] [INFO] RoadSenseSelenium - Executing WEB-NAV-017
[2026-07-27T21:37:54.812] [INFO] RoadSenseSelenium - Executing WEB-NAV-018
[2026-07-27T21:37:54.815] [INFO] RoadSenseSelenium - Executing WEB-NAV-019
[2026-07-27T21:37:54.817] [INFO] RoadSenseSelenium - Executing WEB-NAV-020
[2026-07-27T21:37:54.818] [INFO] RoadSenseSelenium - Executing WEB-NAV-021
[2026-07-27T21:37:54.819] [INFO] RoadSenseSelenium - Executing WEB-NAV-022
[2026-07-27T21:37:54.820] [INFO] RoadSenseSelenium - Executing WEB-NAV-023
[2026-07-27T21:37:54.821] [INFO] RoadSenseSelenium - Executing WEB-NAV-024
[2026-07-27T21:37:54.824] [INFO] RoadSenseSelenium - Executing WEB-NAV-025
[2026-07-27T21:37:54.827] [INFO] RoadSenseSelenium - Executing WEB-SEC-001
[2026-07-27T21:37:54.828] [INFO] RoadSenseSelenium - Executing WEB-SEC-002
[2026-07-27T21:37:54.828] [INFO] RoadSenseSelenium - Executing WEB-SEC-003
[2026-07-27T21:37:54.829] [INFO] RoadSenseSelenium - Executing WEB-SEC-004
[2026-07-27T21:37:54.830] [INFO] RoadSenseSelenium - Executing WEB-SEC-005
[2026-07-27T21:37:54.831] [INFO] RoadSenseSelenium - Executing WEB-SEC-006
[2026-07-27T21:37:54.832] [INFO] RoadSenseSelenium - Executing WEB-SEC-007
[2026-07-27T21:37:54.833] [INFO] RoadSenseSelenium - Executing WEB-SEC-008
[2026-07-27T21:37:54.834] [INFO] RoadSenseSelenium - Executing WEB-SEC-009
[2026-07-27T21:37:54.835] [INFO] RoadSenseSelenium - Executing WEB-SEC-010
[2026-07-27T21:37:54.836] [INFO] RoadSenseSelenium - Executing WEB-SEC-011
[2026-07-27T21:37:54.837] [INFO] RoadSenseSelenium - Executing WEB-SEC-012
[2026-07-27T21:37:54.838] [INFO] RoadSenseSelenium - Executing WEB-SEC-013
[2026-07-27T21:37:54.839] [INFO] RoadSenseSelenium - Executing WEB-SEC-014
[2026-07-27T21:37:54.839] [INFO] RoadSenseSelenium - Executing WEB-SEC-015
[2026-07-27T21:37:54.840] [INFO] RoadSenseSelenium - Executing WEB-SEC-016
[2026-07-27T21:37:54.841] [INFO] RoadSenseSelenium - Executing WEB-SEC-017
[2026-07-27T21:37:54.842] [INFO] RoadSenseSelenium - Executing WEB-SEC-018
[2026-07-27T21:37:54.843] [INFO] RoadSenseSelenium - Executing WEB-SEC-019
[2026-07-27T21:37:54.844] [INFO] RoadSenseSelenium - Executing WEB-SEC-020
[2026-07-27T21:37:54.845] [INFO] RoadSenseSelenium - Executing WEB-SEC-021
[2026-07-27T21:37:54.848] [INFO] RoadSenseSelenium - Executing WEB-SEC-022
[2026-07-27T21:37:54.849] [INFO] RoadSenseSelenium - Executing WEB-SEC-023
[2026-07-27T21:37:54.850] [INFO] RoadSenseSelenium - Executing WEB-SEC-024
[2026-07-27T21:37:54.851] [INFO] RoadSenseSelenium - Executing WEB-SEC-025
[2026-07-27T21:37:54.852] [INFO] RoadSenseSelenium - Executing WEB-PERF-001
[2026-07-27T21:37:54.853] [INFO] RoadSenseSelenium - Executing WEB-PERF-002
[2026-07-27T21:37:54.854] [INFO] RoadSenseSelenium - Executing WEB-PERF-003
[2026-07-27T21:37:54.855] [INFO] RoadSenseSelenium - Executing WEB-PERF-004
[2026-07-27T21:37:54.855] [INFO] RoadSenseSelenium - Executing WEB-PERF-005
[2026-07-27T21:37:54.856] [INFO] RoadSenseSelenium - Executing WEB-PERF-006
[2026-07-27T21:37:54.857] [INFO] RoadSenseSelenium - Executing WEB-PERF-007
[2026-07-27T21:37:54.858] [INFO] RoadSenseSelenium - Executing WEB-PERF-008
[2026-07-27T21:37:54.859] [INFO] RoadSenseSelenium - Executing WEB-PERF-009
[2026-07-27T21:37:54.859] [INFO] RoadSenseSelenium - Executing WEB-PERF-010
[2026-07-27T21:37:54.860] [INFO] RoadSenseSelenium - Executing WEB-PERF-011
[2026-07-27T21:37:54.861] [INFO] RoadSenseSelenium - Executing WEB-PERF-012
[2026-07-27T21:37:54.862] [INFO] RoadSenseSelenium - Executing WEB-PERF-013
[2026-07-27T21:37:54.863] [INFO] RoadSenseSelenium - Executing WEB-PERF-014
[2026-07-27T21:37:54.863] [INFO] RoadSenseSelenium - Executing WEB-PERF-015
[2026-07-27T21:37:54.864] [INFO] RoadSenseSelenium - Executing WEB-PERF-016
[2026-07-27T21:37:54.865] [INFO] RoadSenseSelenium - Executing WEB-PERF-017
[2026-07-27T21:37:54.866] [INFO] RoadSenseSelenium - Executing WEB-PERF-018
[2026-07-27T21:37:54.867] [INFO] RoadSenseSelenium - Executing WEB-PERF-019
[2026-07-27T21:37:54.867] [INFO] RoadSenseSelenium - Executing WEB-PERF-020
[2026-07-27T21:37:54.868] [INFO] RoadSenseSelenium - Executing WEB-PERF-021
[2026-07-27T21:37:54.869] [INFO] RoadSenseSelenium - Executing WEB-PERF-022
[2026-07-27T21:37:54.870] [INFO] RoadSenseSelenium - Executing WEB-PERF-023
[2026-07-27T21:37:54.870] [INFO] RoadSenseSelenium - Executing WEB-PERF-024
[2026-07-27T21:37:54.871] [INFO] RoadSenseSelenium - Executing WEB-PERF-025
[2026-07-27T21:38:12.509] [INFO] RoadSenseSelenium - Executing WEB-AI-001
[2026-07-27T21:38:12.517] [INFO] RoadSenseSelenium - Executing WEB-AI-002
[2026-07-27T21:38:12.518] [INFO] RoadSenseSelenium - Executing WEB-AI-003
[2026-07-27T21:38:12.521] [INFO] RoadSenseSelenium - Executing WEB-AI-004
[2026-07-27T21:38:12.523] [INFO] RoadSenseSelenium - Executing WEB-AI-005
[2026-07-27T21:38:12.526] [INFO] RoadSenseSelenium - Executing WEB-AI-006
[2026-07-27T21:38:12.528] [INFO] RoadSenseSelenium - Executing WEB-AI-007
[2026-07-27T21:38:12.531] [INFO] RoadSenseSelenium - Executing WEB-AI-008
[2026-07-27T21:38:12.532] [INFO] RoadSenseSelenium - Executing WEB-DASH-001
[2026-07-27T21:38:12.542] [INFO] RoadSenseSelenium - Executing WEB-DASH-002
[2026-07-27T21:38:12.534] [INFO] RoadSenseSelenium - Executing WEB-AI-009
[2026-07-27T21:38:12.546] [INFO] RoadSenseSelenium - Executing WEB-AI-010
[2026-07-27T21:38:12.546] [INFO] RoadSenseSelenium - Executing WEB-DASH-003
[2026-07-27T21:38:12.548] [INFO] RoadSenseSelenium - Executing WEB-AI-011
[2026-07-27T21:38:12.549] [INFO] RoadSenseSelenium - Executing WEB-AI-012
[2026-07-27T21:38:12.549] [INFO] RoadSenseSelenium - Executing WEB-DASH-004
[2026-07-27T21:38:12.551] [INFO] RoadSenseSelenium - Executing WEB-AI-013
[2026-07-27T21:38:12.552] [INFO] RoadSenseSelenium - Executing WEB-AI-014
[2026-07-27T21:38:12.551] [INFO] RoadSenseSelenium - Executing WEB-DASH-005
[2026-07-27T21:38:12.553] [INFO] RoadSenseSelenium - Executing WEB-AI-015
[2026-07-27T21:38:12.553] [INFO] RoadSenseSelenium - Executing WEB-DASH-006
[2026-07-27T21:38:12.554] [INFO] RoadSenseSelenium - Executing WEB-AI-016
[2026-07-27T21:38:12.555] [INFO] RoadSenseSelenium - Executing WEB-AI-017
[2026-07-27T21:38:12.555] [INFO] RoadSenseSelenium - Executing WEB-DASH-007
[2026-07-27T21:38:12.555] [INFO] RoadSenseSelenium - Executing WEB-AI-018
[2026-07-27T21:38:12.556] [INFO] RoadSenseSelenium - Executing WEB-AI-019
[2026-07-27T21:38:12.556] [INFO] RoadSenseSelenium - Executing WEB-DASH-008
[2026-07-27T21:38:12.558] [INFO] RoadSenseSelenium - Executing WEB-AI-020
[2026-07-27T21:38:12.560] [INFO] RoadSenseSelenium - Executing WEB-AI-021
[2026-07-27T21:38:12.560] [INFO] RoadSenseSelenium - Executing WEB-DASH-009
[2026-07-27T21:38:12.562] [INFO] RoadSenseSelenium - Executing WEB-AI-022
[2026-07-27T21:38:12.563] [INFO] RoadSenseSelenium - Executing WEB-AI-023
[2026-07-27T21:38:12.565] [INFO] RoadSenseSelenium - Executing WEB-AI-024
[2026-07-27T21:38:12.565] [INFO] RoadSenseSelenium - Executing WEB-DASH-010
[2026-07-27T21:38:12.569] [INFO] RoadSenseSelenium - Executing WEB-AI-025
[2026-07-27T21:38:12.570] [INFO] RoadSenseSelenium - Executing WEB-DASH-011
[2026-07-27T21:38:12.578] [INFO] RoadSenseSelenium - Executing WEB-DASH-012
[2026-07-27T21:38:12.580] [INFO] RoadSenseSelenium - Executing WEB-DASH-013
[2026-07-27T21:38:12.582] [INFO] RoadSenseSelenium - Executing WEB-DASH-014
[2026-07-27T21:38:12.583] [INFO] RoadSenseSelenium - Executing WEB-DASH-015
[2026-07-27T21:38:12.584] [INFO] RoadSenseSelenium - Executing WEB-DASH-016
[2026-07-27T21:38:12.585] [INFO] RoadSenseSelenium - Executing WEB-DASH-017
[2026-07-27T21:38:12.588] [INFO] RoadSenseSelenium - Executing WEB-DASH-018
[2026-07-27T21:38:12.583] [INFO] RoadSenseSelenium - Executing WEB-PROF-001
[2026-07-27T21:38:12.590] [INFO] RoadSenseSelenium - Executing WEB-DASH-019
[2026-07-27T21:38:12.600] [INFO] RoadSenseSelenium - Executing WEB-DASH-020
[2026-07-27T21:38:12.595] [INFO] RoadSenseSelenium - Executing WEB-PROF-002
[2026-07-27T21:38:12.596] [INFO] RoadSenseSelenium - Executing WEB-NAV-001
[2026-07-27T21:38:12.601] [INFO] RoadSenseSelenium - Executing WEB-DASH-021
[2026-07-27T21:38:12.604] [INFO] RoadSenseSelenium - Executing WEB-NAV-002
[2026-07-27T21:38:12.603] [INFO] RoadSenseSelenium - Executing WEB-DASH-022
[2026-07-27T21:38:12.604] [INFO] RoadSenseSelenium - Executing WEB-PROF-003
[2026-07-27T21:38:12.604] [INFO] RoadSenseSelenium - Executing WEB-DASH-023
[2026-07-27T21:38:12.605] [INFO] RoadSenseSelenium - Executing WEB-NAV-003
[2026-07-27T21:38:12.605] [INFO] RoadSenseSelenium - Executing WEB-DASH-024
[2026-07-27T21:38:12.606] [INFO] RoadSenseSelenium - Executing WEB-PROF-004
[2026-07-27T21:38:12.607] [INFO] RoadSenseSelenium - Executing WEB-NAV-004
[2026-07-27T21:38:12.608] [INFO] RoadSenseSelenium - Executing WEB-NAV-005
[2026-07-27T21:38:12.607] [INFO] RoadSenseSelenium - Executing WEB-DASH-025
[2026-07-27T21:38:12.608] [INFO] RoadSenseSelenium - Executing WEB-PROF-005
[2026-07-27T21:38:12.609] [INFO] RoadSenseSelenium - Executing WEB-NAV-006
[2026-07-27T21:38:12.610] [INFO] RoadSenseSelenium - Executing WEB-NAV-007
[2026-07-27T21:38:12.610] [INFO] RoadSenseSelenium - Executing WEB-PROF-006
[2026-07-27T21:38:12.611] [INFO] RoadSenseSelenium - Executing WEB-NAV-008
[2026-07-27T21:38:12.612] [INFO] RoadSenseSelenium - Executing WEB-PROF-007
[2026-07-27T21:38:12.612] [INFO] RoadSenseSelenium - Executing WEB-NAV-009
[2026-07-27T21:38:12.613] [INFO] RoadSenseSelenium - Executing WEB-PROF-008
[2026-07-27T21:38:12.614] [INFO] RoadSenseSelenium - Executing WEB-NAV-010
[2026-07-27T21:38:12.616] [INFO] RoadSenseSelenium - Executing WEB-NAV-011
[2026-07-27T21:38:12.617] [INFO] RoadSenseSelenium - Executing WEB-NAV-012
[2026-07-27T21:38:12.618] [INFO] RoadSenseSelenium - Executing WEB-NAV-013
[2026-07-27T21:38:12.619] [INFO] RoadSenseSelenium - Executing WEB-NAV-014
[2026-07-27T21:38:12.620] [INFO] RoadSenseSelenium - Executing WEB-NAV-015
[2026-07-27T21:38:12.620] [INFO] RoadSenseSelenium - Executing WEB-NAV-016
[2026-07-27T21:38:12.621] [INFO] RoadSenseSelenium - Executing WEB-NAV-017
[2026-07-27T21:38:12.622] [INFO] RoadSenseSelenium - Executing WEB-NAV-018
[2026-07-27T21:38:12.623] [INFO] RoadSenseSelenium - Executing WEB-NAV-019
[2026-07-27T21:38:12.614] [INFO] RoadSenseSelenium - Executing WEB-PROF-009
[2026-07-27T21:38:12.623] [INFO] RoadSenseSelenium - Executing WEB-NAV-020
[2026-07-27T21:38:12.624] [INFO] RoadSenseSelenium - Executing WEB-NAV-021
[2026-07-27T21:38:12.625] [INFO] RoadSenseSelenium - Executing WEB-NAV-022
[2026-07-27T21:38:12.626] [INFO] RoadSenseSelenium - Executing WEB-NAV-023
[2026-07-27T21:38:12.625] [INFO] RoadSenseSelenium - Executing WEB-PROF-010
[2026-07-27T21:38:12.627] [INFO] RoadSenseSelenium - Executing WEB-NAV-024
[2026-07-27T21:38:12.628] [INFO] RoadSenseSelenium - Executing WEB-NAV-025
[2026-07-27T21:38:12.629] [INFO] RoadSenseSelenium - Executing WEB-PROF-011
[2026-07-27T21:38:12.630] [INFO] RoadSenseSelenium - Executing WEB-PROF-012
[2026-07-27T21:38:12.631] [INFO] RoadSenseSelenium - Executing WEB-PROF-013
[2026-07-27T21:38:12.632] [INFO] RoadSenseSelenium - Executing WEB-PROF-014
[2026-07-27T21:38:12.632] [INFO] RoadSenseSelenium - Executing WEB-PROF-015
[2026-07-27T21:38:12.628] [INFO] RoadSenseSelenium - Executing WEB-AI-001
[2026-07-27T21:38:12.633] [INFO] RoadSenseSelenium - Executing WEB-PROF-016
[2026-07-27T21:38:12.634] [INFO] RoadSenseSelenium - Executing WEB-PROF-017
[2026-07-27T21:38:12.634] [INFO] RoadSenseSelenium - Executing WEB-PROF-018
[2026-07-27T21:38:12.634] [INFO] RoadSenseSelenium - Executing WEB-AI-002
[2026-07-27T21:38:12.630] [INFO] RoadSenseSelenium - Executing WEB-DASH-001
[2026-07-27T21:38:12.637] [INFO] RoadSenseSelenium - Executing WEB-AI-003
[2026-07-27T21:38:12.637] [INFO] RoadSenseSelenium - Executing WEB-PROF-019
[2026-07-27T21:38:12.637] [INFO] RoadSenseSelenium - Executing WEB-DASH-002
[2026-07-27T21:38:12.638] [INFO] RoadSenseSelenium - Executing WEB-AI-004
[2026-07-27T21:38:12.640] [INFO] RoadSenseSelenium - Executing WEB-AI-005
[2026-07-27T21:38:12.639] [INFO] RoadSenseSelenium - Executing WEB-PROF-020
[2026-07-27T21:38:12.639] [INFO] RoadSenseSelenium - Executing WEB-DASH-003
[2026-07-27T21:38:12.641] [INFO] RoadSenseSelenium - Executing WEB-AI-006
[2026-07-27T21:38:12.642] [INFO] RoadSenseSelenium - Executing WEB-PROF-021
[2026-07-27T21:38:12.641] [INFO] RoadSenseSelenium - Executing WEB-DASH-004
[2026-07-27T21:38:12.643] [INFO] RoadSenseSelenium - Executing WEB-PROF-022
[2026-07-27T21:38:12.643] [INFO] RoadSenseSelenium - Executing WEB-AI-007
[2026-07-27T21:38:12.642] [INFO] RoadSenseSelenium - Executing WEB-DASH-005
[2026-07-27T21:38:12.644] [INFO] RoadSenseSelenium - Executing WEB-PROF-023
[2026-07-27T21:38:12.644] [INFO] RoadSenseSelenium - Executing WEB-AI-008
[2026-07-27T21:38:12.645] [INFO] RoadSenseSelenium - Executing WEB-PROF-024
[2026-07-27T21:38:12.644] [INFO] RoadSenseSelenium - Executing WEB-DASH-006
[2026-07-27T21:38:12.645] [INFO] RoadSenseSelenium - Executing WEB-PROF-025
[2026-07-27T21:38:12.645] [INFO] RoadSenseSelenium - Executing WEB-AI-009
[2026-07-27T21:38:12.645] [INFO] RoadSenseSelenium - Executing WEB-DASH-007
[2026-07-27T21:38:12.646] [INFO] RoadSenseSelenium - Executing WEB-DASH-008
[2026-07-27T21:38:12.642] [INFO] RoadSenseSelenium - Executing WEB-SEC-001
[2026-07-27T21:38:12.647] [INFO] RoadSenseSelenium - Executing WEB-AI-010
[2026-07-27T21:38:12.649] [INFO] RoadSenseSelenium - Executing WEB-SEC-002
[2026-07-27T21:38:12.650] [INFO] RoadSenseSelenium - Executing WEB-AI-011
[2026-07-27T21:38:12.647] [INFO] RoadSenseSelenium - Executing WEB-DASH-009
[2026-07-27T21:38:12.651] [INFO] RoadSenseSelenium - Executing WEB-AI-012
[2026-07-27T21:38:12.651] [INFO] RoadSenseSelenium - Executing WEB-SEC-003
[2026-07-27T21:38:12.652] [INFO] RoadSenseSelenium - Executing WEB-AI-013
[2026-07-27T21:38:12.652] [INFO] RoadSenseSelenium - Executing WEB-AI-014
[2026-07-27T21:38:12.651] [INFO] RoadSenseSelenium - Executing WEB-DASH-010
[2026-07-27T21:38:12.652] [INFO] RoadSenseSelenium - Executing WEB-SEC-004
[2026-07-27T21:38:12.653] [INFO] RoadSenseSelenium - Executing WEB-AI-015
[2026-07-27T21:38:12.653] [INFO] RoadSenseSelenium - Executing WEB-DASH-011
[2026-07-27T21:38:12.654] [INFO] RoadSenseSelenium - Executing WEB-AI-016
[2026-07-27T21:38:12.653] [INFO] RoadSenseSelenium - Executing WEB-SEC-005
[2026-07-27T21:38:12.654] [INFO] RoadSenseSelenium - Executing WEB-AI-017
[2026-07-27T21:38:12.654] [INFO] RoadSenseSelenium - Executing WEB-DASH-012
[2026-07-27T21:38:12.654] [INFO] RoadSenseSelenium - Executing WEB-SEC-006
[2026-07-27T21:38:12.655] [INFO] RoadSenseSelenium - Executing WEB-AI-018
[2026-07-27T21:38:12.655] [INFO] RoadSenseSelenium - Executing WEB-SEC-007
[2026-07-27T21:38:12.655] [INFO] RoadSenseSelenium - Executing WEB-DASH-013
[2026-07-27T21:38:12.656] [INFO] RoadSenseSelenium - Executing WEB-AI-019
[2026-07-27T21:38:12.656] [INFO] RoadSenseSelenium - Executing WEB-DASH-014
[2026-07-27T21:38:12.657] [INFO] RoadSenseSelenium - Executing WEB-AI-020
[2026-07-27T21:38:12.656] [INFO] RoadSenseSelenium - Executing WEB-SEC-008
[2026-07-27T21:38:12.657] [INFO] RoadSenseSelenium - Executing WEB-AI-021
[2026-07-27T21:38:12.657] [INFO] RoadSenseSelenium - Executing WEB-DASH-015
[2026-07-27T21:38:12.658] [INFO] RoadSenseSelenium - Executing WEB-AI-022
[2026-07-27T21:38:12.657] [INFO] RoadSenseSelenium - Executing WEB-DASH-016
[2026-07-27T21:38:12.659] [INFO] RoadSenseSelenium - Executing WEB-AI-023
[2026-07-27T21:38:12.657] [INFO] RoadSenseSelenium - Executing WEB-SEC-009
[2026-07-27T21:38:12.658] [INFO] RoadSenseSelenium - Executing WEB-DASH-017
[2026-07-27T21:38:12.659] [INFO] RoadSenseSelenium - Executing WEB-AI-024
[2026-07-27T21:38:12.660] [INFO] RoadSenseSelenium - Executing WEB-AI-025
[2026-07-27T21:38:12.659] [INFO] RoadSenseSelenium - Executing WEB-DASH-018
[2026-07-27T21:38:12.659] [INFO] RoadSenseSelenium - Executing WEB-SEC-010
[2026-07-27T21:38:12.660] [INFO] RoadSenseSelenium - Executing WEB-DASH-019
[2026-07-27T21:38:12.660] [INFO] RoadSenseSelenium - Executing WEB-SEC-011
[2026-07-27T21:38:12.661] [INFO] RoadSenseSelenium - Executing WEB-DASH-020
[2026-07-27T21:38:12.661] [INFO] RoadSenseSelenium - Executing WEB-SEC-012
[2026-07-27T21:38:12.661] [INFO] RoadSenseSelenium - Executing WEB-DASH-021
[2026-07-27T21:38:12.662] [INFO] RoadSenseSelenium - Executing WEB-SEC-013
[2026-07-27T21:38:12.662] [INFO] RoadSenseSelenium - Executing WEB-DASH-022
[2026-07-27T21:38:12.663] [INFO] RoadSenseSelenium - Executing WEB-SEC-014
[2026-07-27T21:38:12.663] [INFO] RoadSenseSelenium - Executing WEB-DASH-023
[2026-07-27T21:38:12.663] [INFO] RoadSenseSelenium - Executing WEB-SEC-015
[2026-07-27T21:38:12.664] [INFO] RoadSenseSelenium - Executing WEB-DASH-024
[2026-07-27T21:38:12.664] [INFO] RoadSenseSelenium - Executing WEB-SEC-016
[2026-07-27T21:38:12.664] [INFO] RoadSenseSelenium - Executing WEB-DASH-025
[2026-07-27T21:38:12.665] [INFO] RoadSenseSelenium - Executing WEB-SEC-017
[2026-07-27T21:38:12.665] [INFO] RoadSenseSelenium - Executing WEB-SEC-018
[2026-07-27T21:38:12.666] [INFO] RoadSenseSelenium - Executing WEB-SEC-019
[2026-07-27T21:38:12.667] [INFO] RoadSenseSelenium - Executing WEB-SEC-020
[2026-07-27T21:38:12.667] [INFO] RoadSenseSelenium - Executing WEB-SEC-021
[2026-07-27T21:38:12.668] [INFO] RoadSenseSelenium - Executing WEB-SEC-022
[2026-07-27T21:38:12.668] [INFO] RoadSenseSelenium - Executing WEB-SEC-023
[2026-07-27T21:38:12.669] [INFO] RoadSenseSelenium - Executing WEB-SEC-024
[2026-07-27T21:38:12.670] [INFO] RoadSenseSelenium - Executing WEB-SEC-025
[2026-07-27T21:38:12.666] [INFO] RoadSenseSelenium - Executing WEB-NAV-001
[2026-07-27T21:38:12.670] [INFO] RoadSenseSelenium - Executing WEB-PERF-001
[2026-07-27T21:38:12.671] [INFO] RoadSenseSelenium - Executing WEB-PERF-002
[2026-07-27T21:38:12.672] [INFO] RoadSenseSelenium - Executing WEB-PERF-003
[2026-07-27T21:38:12.674] [INFO] RoadSenseSelenium - Executing WEB-NAV-002
[2026-07-27T21:38:12.673] [INFO] RoadSenseSelenium - Executing WEB-PERF-004
[2026-07-27T21:38:12.674] [INFO] RoadSenseSelenium - Executing WEB-PERF-005
[2026-07-27T21:38:12.675] [INFO] RoadSenseSelenium - Executing WEB-NAV-003
[2026-07-27T21:38:12.675] [INFO] RoadSenseSelenium - Executing WEB-PERF-006
[2026-07-27T21:38:12.675] [INFO] RoadSenseSelenium - Executing WEB-PERF-007
[2026-07-27T21:38:12.677] [INFO] RoadSenseSelenium - Executing WEB-NAV-004
[2026-07-27T21:38:12.676] [INFO] RoadSenseSelenium - Executing WEB-PERF-008
[2026-07-27T21:38:12.676] [INFO] RoadSenseSelenium - Executing WEB-PERF-009
[2026-07-27T21:38:12.678] [INFO] RoadSenseSelenium - Executing WEB-NAV-005
[2026-07-27T21:38:12.677] [INFO] RoadSenseSelenium - Executing WEB-PERF-010
[2026-07-27T21:38:12.679] [INFO] RoadSenseSelenium - Executing WEB-NAV-006
[2026-07-27T21:38:12.678] [INFO] RoadSenseSelenium - Executing WEB-PERF-011
[2026-07-27T21:38:12.680] [INFO] RoadSenseSelenium - Executing WEB-NAV-007
[2026-07-27T21:38:12.679] [INFO] RoadSenseSelenium - Executing WEB-PERF-012
[2026-07-27T21:38:12.680] [INFO] RoadSenseSelenium - Executing WEB-PERF-013
[2026-07-27T21:38:12.681] [INFO] RoadSenseSelenium - Executing WEB-NAV-008
[2026-07-27T21:38:12.680] [INFO] RoadSenseSelenium - Executing WEB-PERF-014
[2026-07-27T21:38:12.681] [INFO] RoadSenseSelenium - Executing WEB-PERF-015
[2026-07-27T21:38:12.681] [INFO] RoadSenseSelenium - Executing WEB-PERF-016
[2026-07-27T21:38:12.682] [INFO] RoadSenseSelenium - Executing WEB-NAV-009
[2026-07-27T21:38:12.682] [INFO] RoadSenseSelenium - Executing WEB-PERF-017
[2026-07-27T21:38:12.683] [INFO] RoadSenseSelenium - Executing WEB-PERF-018
[2026-07-27T21:38:12.684] [INFO] RoadSenseSelenium - Executing WEB-NAV-010
[2026-07-27T21:38:12.683] [INFO] RoadSenseSelenium - Executing WEB-PERF-019
[2026-07-27T21:38:12.685] [INFO] RoadSenseSelenium - Executing WEB-NAV-011
[2026-07-27T21:38:12.684] [INFO] RoadSenseSelenium - Executing WEB-PERF-020
[2026-07-27T21:38:12.684] [INFO] RoadSenseSelenium - Executing WEB-PERF-021
[2026-07-27T21:38:12.686] [INFO] RoadSenseSelenium - Executing WEB-NAV-012
[2026-07-27T21:38:12.685] [INFO] RoadSenseSelenium - Executing WEB-PERF-022
[2026-07-27T21:38:12.686] [INFO] RoadSenseSelenium - Executing WEB-NAV-013
[2026-07-27T21:38:12.685] [INFO] RoadSenseSelenium - Executing WEB-PERF-023
[2026-07-27T21:38:12.687] [INFO] RoadSenseSelenium - Executing WEB-NAV-014
[2026-07-27T21:38:12.686] [INFO] RoadSenseSelenium - Executing WEB-PERF-024
[2026-07-27T21:38:12.688] [INFO] RoadSenseSelenium - Executing WEB-NAV-015
[2026-07-27T21:38:12.687] [INFO] RoadSenseSelenium - Executing WEB-PERF-025
[2026-07-27T21:38:12.689] [INFO] RoadSenseSelenium - Executing WEB-NAV-016
[2026-07-27T21:38:12.690] [INFO] RoadSenseSelenium - Executing WEB-NAV-017
[2026-07-27T21:38:12.691] [INFO] RoadSenseSelenium - Executing WEB-NAV-018
[2026-07-27T21:38:12.691] [INFO] RoadSenseSelenium - Executing WEB-NAV-019
[2026-07-27T21:38:12.692] [INFO] RoadSenseSelenium - Executing WEB-NAV-020
[2026-07-27T21:38:12.692] [INFO] RoadSenseSelenium - Executing WEB-NAV-021
[2026-07-27T21:38:12.693] [INFO] RoadSenseSelenium - Executing WEB-NAV-022
[2026-07-27T21:38:12.694] [INFO] RoadSenseSelenium - Executing WEB-NAV-023
[2026-07-27T21:38:12.694] [INFO] RoadSenseSelenium - Executing WEB-NAV-024
[2026-07-27T21:38:12.695] [INFO] RoadSenseSelenium - Executing WEB-NAV-025
[2026-07-27T21:38:12.699] [INFO] RoadSenseSelenium - Executing WEB-PROF-001
[2026-07-27T21:38:12.705] [INFO] RoadSenseSelenium - Executing WEB-PROF-002
[2026-07-27T21:38:12.706] [INFO] RoadSenseSelenium - Executing WEB-PROF-003
[2026-07-27T21:38:12.707] [INFO] RoadSenseSelenium - Executing WEB-PROF-004
[2026-07-27T21:38:12.708] [INFO] RoadSenseSelenium - Executing WEB-PROF-005
[2026-07-27T21:38:12.709] [INFO] RoadSenseSelenium - Executing WEB-PROF-006
[2026-07-27T21:38:12.710] [INFO] RoadSenseSelenium - Executing WEB-PROF-007
[2026-07-27T21:38:12.711] [INFO] RoadSenseSelenium - Executing WEB-PROF-008
[2026-07-27T21:38:12.712] [INFO] RoadSenseSelenium - Executing WEB-PROF-009
[2026-07-27T21:38:12.714] [INFO] RoadSenseSelenium - Executing WEB-PROF-010
[2026-07-27T21:38:12.714] [INFO] RoadSenseSelenium - Executing WEB-PROF-011
[2026-07-27T21:38:12.715] [INFO] RoadSenseSelenium - Executing WEB-PROF-012
[2026-07-27T21:38:12.716] [INFO] RoadSenseSelenium - Executing WEB-PROF-013
[2026-07-27T21:38:12.716] [INFO] RoadSenseSelenium - Executing WEB-PROF-014
[2026-07-27T21:38:12.711] [INFO] RoadSenseSelenium - Executing WEB-SEC-001
[2026-07-27T21:38:12.717] [INFO] RoadSenseSelenium - Executing WEB-PROF-015
[2026-07-27T21:38:12.717] [INFO] RoadSenseSelenium - Executing WEB-PROF-016
[2026-07-27T21:38:12.717] [INFO] RoadSenseSelenium - Executing WEB-SEC-002
[2026-07-27T21:38:12.718] [INFO] RoadSenseSelenium - Executing WEB-PROF-017
[2026-07-27T21:38:12.718] [INFO] RoadSenseSelenium - Executing WEB-PROF-018
[2026-07-27T21:38:12.718] [INFO] RoadSenseSelenium - Executing WEB-SEC-003
[2026-07-27T21:38:12.719] [INFO] RoadSenseSelenium - Executing WEB-PROF-019
[2026-07-27T21:38:12.719] [INFO] RoadSenseSelenium - Executing WEB-PROF-020
[2026-07-27T21:38:12.719] [INFO] RoadSenseSelenium - Executing WEB-SEC-004
[2026-07-27T21:38:12.720] [INFO] RoadSenseSelenium - Executing WEB-PROF-021
[2026-07-27T21:38:12.719] [INFO] RoadSenseSelenium - Executing WEB-SEC-005
[2026-07-27T21:38:12.720] [INFO] RoadSenseSelenium - Executing WEB-PROF-022
[2026-07-27T21:38:12.720] [INFO] RoadSenseSelenium - Executing WEB-SEC-006
[2026-07-27T21:38:12.721] [INFO] RoadSenseSelenium - Executing WEB-PROF-023
[2026-07-27T21:38:12.722] [INFO] RoadSenseSelenium - Executing WEB-PROF-024
[2026-07-27T21:38:12.721] [INFO] RoadSenseSelenium - Executing WEB-SEC-007
[2026-07-27T21:38:12.722] [INFO] RoadSenseSelenium - Executing WEB-PROF-025
[2026-07-27T21:38:12.722] [INFO] RoadSenseSelenium - Executing WEB-SEC-008
[2026-07-27T21:38:12.722] [INFO] RoadSenseSelenium - Executing WEB-SEC-009
[2026-07-27T21:38:12.724] [INFO] RoadSenseSelenium - Executing WEB-SEC-010
[2026-07-27T21:38:12.725] [INFO] RoadSenseSelenium - Executing WEB-SEC-011
[2026-07-27T21:38:12.725] [INFO] RoadSenseSelenium - Executing WEB-SEC-012
[2026-07-27T21:38:12.726] [INFO] RoadSenseSelenium - Executing WEB-SEC-013
[2026-07-27T21:38:12.727] [INFO] RoadSenseSelenium - Executing WEB-SEC-014
[2026-07-27T21:38:12.727] [INFO] RoadSenseSelenium - Executing WEB-SEC-015
[2026-07-27T21:38:12.728] [INFO] RoadSenseSelenium - Executing WEB-SEC-016
[2026-07-27T21:38:12.728] [INFO] RoadSenseSelenium - Executing WEB-SEC-017
[2026-07-27T21:38:12.729] [INFO] RoadSenseSelenium - Executing WEB-SEC-018
[2026-07-27T21:38:12.730] [INFO] RoadSenseSelenium - Executing WEB-SEC-019
[2026-07-27T21:38:12.731] [INFO] RoadSenseSelenium - Executing WEB-SEC-020
[2026-07-27T21:38:12.731] [INFO] RoadSenseSelenium - Executing WEB-SEC-021
[2026-07-27T21:38:12.732] [INFO] RoadSenseSelenium - Executing WEB-SEC-022
[2026-07-27T21:38:12.733] [INFO] RoadSenseSelenium - Executing WEB-SEC-023
[2026-07-27T21:38:12.733] [INFO] RoadSenseSelenium - Executing WEB-SEC-024
[2026-07-27T21:38:12.734] [INFO] RoadSenseSelenium - Executing WEB-SEC-025
[2026-07-27T21:38:12.736] [INFO] RoadSenseSelenium - Executing WEB-PERF-001
[2026-07-27T21:38:12.737] [INFO] RoadSenseSelenium - Executing WEB-PERF-002
[2026-07-27T21:38:12.738] [INFO] RoadSenseSelenium - Executing WEB-PERF-003
[2026-07-27T21:38:12.739] [INFO] RoadSenseSelenium - Executing WEB-PERF-004
[2026-07-27T21:38:12.739] [INFO] RoadSenseSelenium - Executing WEB-PERF-005
[2026-07-27T21:38:12.740] [INFO] RoadSenseSelenium - Executing WEB-PERF-006
[2026-07-27T21:38:12.741] [INFO] RoadSenseSelenium - Executing WEB-PERF-007
[2026-07-27T21:38:12.741] [INFO] RoadSenseSelenium - Executing WEB-PERF-008
[2026-07-27T21:38:12.742] [INFO] RoadSenseSelenium - Executing WEB-PERF-009
[2026-07-27T21:38:12.742] [INFO] RoadSenseSelenium - Executing WEB-PERF-010
[2026-07-27T21:38:12.743] [INFO] RoadSenseSelenium - Executing WEB-PERF-011
[2026-07-27T21:38:12.743] [INFO] RoadSenseSelenium - Executing WEB-PERF-012
[2026-07-27T21:38:12.744] [INFO] RoadSenseSelenium - Executing WEB-PERF-013
[2026-07-27T21:38:12.744] [INFO] RoadSenseSelenium - Executing WEB-PERF-014
[2026-07-27T21:38:12.745] [INFO] RoadSenseSelenium - Executing WEB-PERF-015
[2026-07-27T21:38:12.746] [INFO] RoadSenseSelenium - Executing WEB-PERF-016
[2026-07-27T21:38:12.746] [INFO] RoadSenseSelenium - Executing WEB-PERF-017
[2026-07-27T21:38:12.747] [INFO] RoadSenseSelenium - Executing WEB-PERF-018
[2026-07-27T21:38:12.747] [INFO] RoadSenseSelenium - Executing WEB-PERF-019
[2026-07-27T21:38:12.748] [INFO] RoadSenseSelenium - Executing WEB-PERF-020
[2026-07-27T21:38:12.748] [INFO] RoadSenseSelenium - Executing WEB-PERF-021
[2026-07-27T21:38:12.749] [INFO] RoadSenseSelenium - Executing WEB-PERF-022
[2026-07-27T21:38:12.749] [INFO] RoadSenseSelenium - Executing WEB-PERF-023
[2026-07-27T21:38:12.750] [INFO] RoadSenseSelenium - Executing WEB-PERF-024
[2026-07-27T21:38:12.751] [INFO] RoadSenseSelenium - Executing WEB-PERF-025
[2026-07-27T21:38:12.902] [INFO] RoadSenseSelenium - Initializing Selenium WebDriver for browser: chrome (Headless: false)
[2026-07-27T21:38:12.939] [INFO] RoadSenseSelenium - Initializing Selenium WebDriver for browser: chrome (Headless: false)
[2026-07-27T21:38:13.910] [INFO] RoadSenseSelenium - Selenium WebDriver created successfully.
[2026-07-27T21:38:13.912] [INFO] RoadSenseSelenium - Executing WEB-AUTH-001
[2026-07-27T21:38:13.915] [INFO] RoadSenseSelenium - Executing WEB-AUTH-002
[2026-07-27T21:38:13.919] [INFO] RoadSenseSelenium - Executing WEB-AUTH-003
[2026-07-27T21:38:13.922] [INFO] RoadSenseSelenium - Executing WEB-AUTH-004
[2026-07-27T21:38:13.923] [INFO] RoadSenseSelenium - Executing WEB-AUTH-005
[2026-07-27T21:38:13.927] [INFO] RoadSenseSelenium - Executing WEB-AUTH-006
[2026-07-27T21:38:13.928] [INFO] RoadSenseSelenium - Selenium WebDriver created successfully.
[2026-07-27T21:38:13.929] [INFO] RoadSenseSelenium - Executing WEB-AUTH-007
[2026-07-27T21:38:13.931] [INFO] RoadSenseSelenium - Executing WEB-AUTH-008
[2026-07-27T21:38:13.933] [INFO] RoadSenseSelenium - Executing WEB-AUTH-009
[2026-07-27T21:38:13.931] [INFO] RoadSenseSelenium - Executing WEB-AUTH-001
[2026-07-27T21:38:13.934] [INFO] RoadSenseSelenium - Executing WEB-AUTH-010
[2026-07-27T21:38:13.933] [INFO] RoadSenseSelenium - Executing WEB-AUTH-002
[2026-07-27T21:38:13.935] [INFO] RoadSenseSelenium - Executing WEB-AUTH-011
[2026-07-27T21:38:13.935] [INFO] RoadSenseSelenium - Executing WEB-AUTH-012
[2026-07-27T21:38:13.935] [INFO] RoadSenseSelenium - Executing WEB-AUTH-003
[2026-07-27T21:38:13.936] [INFO] RoadSenseSelenium - Executing WEB-AUTH-013
[2026-07-27T21:38:13.936] [INFO] RoadSenseSelenium - Executing WEB-AUTH-004
[2026-07-27T21:38:13.938] [INFO] RoadSenseSelenium - Executing WEB-AUTH-014
[2026-07-27T21:38:13.938] [INFO] RoadSenseSelenium - Executing WEB-AUTH-005
[2026-07-27T21:38:13.939] [INFO] RoadSenseSelenium - Executing WEB-AUTH-015
[2026-07-27T21:38:13.940] [INFO] RoadSenseSelenium - Executing WEB-AUTH-016
[2026-07-27T21:38:13.939] [INFO] RoadSenseSelenium - Executing WEB-AUTH-006
[2026-07-27T21:38:13.941] [INFO] RoadSenseSelenium - Executing WEB-AUTH-017
[2026-07-27T21:38:13.941] [INFO] RoadSenseSelenium - Executing WEB-AUTH-018
[2026-07-27T21:38:13.940] [INFO] RoadSenseSelenium - Executing WEB-AUTH-007
[2026-07-27T21:38:13.942] [INFO] RoadSenseSelenium - Executing WEB-AUTH-019
[2026-07-27T21:38:13.942] [INFO] RoadSenseSelenium - Executing WEB-AUTH-008
[2026-07-27T21:38:13.943] [INFO] RoadSenseSelenium - Executing WEB-AUTH-020
[2026-07-27T21:38:13.943] [INFO] RoadSenseSelenium - Executing WEB-AUTH-021
[2026-07-27T21:38:13.943] [INFO] RoadSenseSelenium - Executing WEB-AUTH-009
[2026-07-27T21:38:13.944] [INFO] RoadSenseSelenium - Executing WEB-AUTH-022
[2026-07-27T21:38:13.944] [INFO] RoadSenseSelenium - Executing WEB-AUTH-010
[2026-07-27T21:38:13.944] [INFO] RoadSenseSelenium - Executing WEB-AUTH-023
[2026-07-27T21:38:13.944] [INFO] RoadSenseSelenium - Executing WEB-AUTH-011
[2026-07-27T21:38:13.945] [INFO] RoadSenseSelenium - Executing WEB-AUTH-024
[2026-07-27T21:38:13.945] [INFO] RoadSenseSelenium - Executing WEB-AUTH-012
[2026-07-27T21:38:13.945] [INFO] RoadSenseSelenium - Executing WEB-AUTH-025
[2026-07-27T21:38:13.945] [INFO] RoadSenseSelenium - Executing WEB-AUTH-013
[2026-07-27T21:38:13.945] [INFO] RoadSenseSelenium - Executing WEB-AUTH-014
[2026-07-27T21:38:13.946] [INFO] RoadSenseSelenium - Executing WEB-AUTH-015
[2026-07-27T21:38:13.946] [INFO] RoadSenseSelenium - Executing WEB-AUTH-016
[2026-07-27T21:38:13.947] [INFO] RoadSenseSelenium - Executing WEB-AUTH-017
[2026-07-27T21:38:13.948] [INFO] RoadSenseSelenium - Executing WEB-AUTH-018
[2026-07-27T21:38:13.949] [INFO] RoadSenseSelenium - Executing WEB-AUTH-019
[2026-07-27T21:38:13.949] [INFO] RoadSenseSelenium - Executing WEB-AUTH-020
[2026-07-27T21:38:13.950] [INFO] RoadSenseSelenium - Executing WEB-AUTH-021
[2026-07-27T21:38:13.950] [INFO] RoadSenseSelenium - Executing WEB-AUTH-022
[2026-07-27T21:38:13.951] [INFO] RoadSenseSelenium - Executing WEB-AUTH-023
[2026-07-27T21:38:13.951] [INFO] RoadSenseSelenium - Executing WEB-AUTH-024
[2026-07-27T21:38:13.951] [INFO] RoadSenseSelenium - Executing WEB-AUTH-025
